[33mΓ¥»[39m Building...
[32mΓ£ö[39m Building...
[35mBrowser bundles[39m     
[1mInitial chunk files[22m [2m | [22m[1mNames[22m           [2m | [22m [1mRaw size[22m[2m | [22m[1mEstimated transfer size[22m
[32mchunk-J2JS6LMS.js[39m   [2m | [22m[2m-[22m               [2m | [22m[36m272.13 kB[39m[2m | [22m               [36m74.07 kB[39m
[32mmain-5G3YMSYC.js[39m    [2m | [22m[2mmain[22m            [2m | [22m[36m984 bytes[39m[2m | [22m              [36m984 bytes[39m
[32mchunk-OH4FXWDC.js[39m   [2m | [22m[2m-[22m               [2m | [22m[36m577 bytes[39m[2m | [22m              [36m577 bytes[39m
[32mstyles-5INURTSO.css[39m [2m | [22m[2mstyles[22m          [2m | [22m  [36m0 bytes[39m[2m | [22m                [36m0 bytes[39m

[1m [22m                   [2m | [22m[1mInitial total[22m   [2m | [22m[1m273.69 kB[22m[2m | [22m               [1m75.63 kB[22m

[1mLazy chunk files[22m    [2m | [22m[1mNames[22m           [2m | [22m [1mRaw size[22m[2m | [22m[1mEstimated transfer size[22m
[32mchunk-Y6J2LQCU.js[39m   [2m | [22m[2m-[22m               [2m | [22m [36m33.77 kB[39m[2m | [22m                [36m7.34 kB[39m
[32mchunk-JHGLTVBI.js[39m   [2m | [22m[2mtasks-module[22m    [2m | [22m [36m17.81 kB[39m[2m | [22m                [36m4.55 kB[39m
[32mchunk-ZJQJVE3V.js[39m   [2m | [22m[2mauth-routes[22m     [2m | [22m  [36m3.11 kB[39m[2m | [22m                [36m1.26 kB[39m


[35mServer bundles[39m      
[1mInitial chunk files[22m [2m | [22m[1mNames[22m           [2m | [22m [1mRaw size[22m
[32mserver.mjs[39m          [2m | [22m[2mserver[22m          [2m | [22m[36m810.40 kB[39m[2m | [22m                       
[32mmain.server.mjs[39m     [2m | [22m[2mmain.server[22m     [2m | [22m[36m439.63 kB[39m[2m | [22m                       
[32mchunk-G5F4UQZF.mjs[39m  [2m | [22m[2m-[22m               [2m | [22m[36m270.67 kB[39m[2m | [22m                       
[32mpolyfills.server.mjs[39m[2m | [22m[2mpolyfills.server[22m[2m | [22m[36m233.68 kB[39m[2m | [22m                       
[32mchunk-BBJ2OP3G.mjs[39m  [2m | [22m[2m-[22m               [2m | [22m  [36m1.34 kB[39m[2m | [22m                       
[32mchunk-T55IDOPT.mjs[39m  [2m | [22m[2m-[22m               [2m | [22m[36m976 bytes[39m[2m | [22m                       
[32mchunk-ZUUNAHEM.mjs[39m  [2m | [22m[2m-[22m               [2m | [22m[36m612 bytes[39m[2m | [22m                       

[1mLazy chunk files[22m    [2m | [22m[1mNames[22m           [2m | [22m [1mRaw size[22m
[32mchunk-MXQCH3SA.mjs[39m  [2m | [22m[2m-[22m               [2m | [22m [36m33.84 kB[39m[2m | [22m                       
[32mchunk-PWF4DSQQ.mjs[39m  [2m | [22m[2mtasks-module[22m    [2m | [22m [36m17.88 kB[39m[2m | [22m                       
[32mchunk-BP7AI3FB.mjs[39m  [2m | [22m[2mxhr2[22m            [2m | [22m [36m12.17 kB[39m[2m | [22m                       
[32mchunk-N3SI5I4Q.mjs[39m  [2m | [22m[2mxhr2[22m            [2m | [22m [36m12.07 kB[39m[2m | [22m                       
[32mchunk-673EAPMQ.mjs[39m  [2m | [22m[2mauth-routes[22m     [2m | [22m  [36m3.18 kB[39m[2m | [22m                       

[35mPrerendered 5 static routes.[39m
Application bundle generation failed. [14.179 seconds] - 2026-04-05T17:23:04.560Z

node.exe : 
[1m[31m[31mX [41;31m[
[41;97mERROR[41;31m][0m 
[1mThe 'tasks/edit/:id' 
route uses prerendering 
and includes parameters, 
but 'getPrerenderParams' 
is missing. Please define 
'getPrerenderParams' 
function for this route 
in your server routing 
configuration or specify 
a different 
'renderMode'.[0m
At line:1 char:1
+ & "C:\nvm4w\nodejs/node.
exe" "C:\nvm4w\nodejs/node
_modules/npm/bin/np ...
+ ~~~~~~~~~~~~~~~~~~~~~~~~
~~~~~~~~~~~~~~~~~~~~~~~~~~
~~~~~~~~~~~~~~~~~~~
    + CategoryInfo        
      : NotSpecified: (  
  [1m[31m[31mX...ende   
 rMode'.[0m:String) [    
], RemoteException
    + FullyQualifiedError 
   Id : NativeCommandErr  
  or
 

[39m[22m
